---
source: src/tui/mod.rs
expression: buffer_view(terminal.backend().buffer())
---
┌ Search (FTS5) ───────────────────────────────────────────────────────────────┐
│                                                                              │
└──────────────────────────────────────────────────────────────────────────────┘
┌ Results ─────────────────────────────────────────────────────────────────────┐
│Type to search sessions. Press Ctrl-/ for help.                               │
│                                                                              │
│                                                                              │
│                                                                              │
│                                                                              │
│                                                                              │
│                                                                              │
│                                                                              │
│                                                                              │
│                                                                              │
│                                                                              │
│                                                                              │
│                                                                              │
│                                                                              │
│                                                                              │
│                                                                              │
│                                                                              │
│                                                                              │
└──────────────────────────────────────────────────────────────────────────────┘
0 session(s)       Enter:resume  S-Enter:fork  Tab:detail  Ctrl-/:help  Esc:quit
