---
source: src/tui/mod.rs
expression: buffer_view(terminal.backend().buffer())
---
┌ Search (┌ Help ────────────────────────────────────────────────────┐─────────┐
│         │Keyboard Shortcuts                                        │         │
└─────────│                                                          │─────────┘
┌ Results │Results View                                              │─────────┐
│Type to s│  Enter           Resume session                          │         │
│         │  S-Enter         Fork session (--fork-session)           │         │
│         │  Tab             Open session detail                     │         │
│         │  Esc             Quit (or clear input)                   │         │
│         │  Up/Ctrl-p/Ctrl-kPrevious result                         │         │
│         │  Down/Ctrl-n/Ctrl-jNext result                           │         │
│         │  Ctrl-u          Clear search                            │         │
│         │  Ctrl-d/Ctrl-b   Half-page scroll                        │         │
│         │  Ctrl-y          Show session ID                         │         │
│         │  Ctrl-/          Toggle this help                        │         │
│         │                                                          │         │
│         │Detail View                                               │         │
│         │  Esc/q           Back to results                         │         │
│         │  Down/j          Scroll down/up                          │         │
│         │  g/G             Top/bottom                              │         │
│         │  n/N             Next/prev match                         │         │
│         │  /               Focus search input                      │         │
│         │  y               Show session ID                         │         │
└─────────│                                                          │─────────┘
0 session(s)                                                  Esc/q/Ctrl-/:close
